// Jest Snapshot v1, https://goo.gl/fbAQLP

exports[`Confirms Sound Data is loaded renders the name of each sound file 1`] = `
<RCTScrollView
  dataSource={
    ListViewDataSource {
      "items": 0,
    }
  }
  renderRow={[Function]}
  renderScrollComponent={[Function]}
>
  <View>
    <Text
      accessible={true}
      allowFontScaling={true}
      ellipsizeMode="tail"
    />
  </View>
</RCTScrollView>
`;

exports[`Header (Snapshot) Renders the Header Component 1`] = `
<View
  style={
    Object {
      "alignItems": "center",
      "backgroundColor": "#3D5667",
      "flexDirection": "column",
      "justifyContent": "center",
      "padding": 10,
      "paddingTop": 20,
    }
  }
>
  <Image
    source={1}
    style={
      Object {
        "backgroundColor": "transparent",
        "height": 40,
        "width": 60,
      }
    }
  />
  <Text
    accessible={true}
    allowFontScaling={true}
    ellipsizeMode="tail"
    style={
      Object {
        "color": "#f0f8ff",
        "fontFamily": "AmericanTypewriter-Bold",
        "fontSize": 10,
        "letterSpacing": 1.5,
        "textAlign": "left",
      }
    }
  >
    Sleepy Panda
  </Text>
</View>
`;
